b0:
	in:  {}
	out:  a: 47, b: 42
left:
	in:  a: 47, b: 42
	out:  a: 47, b: 1, c: 10
right:
	in:  a: 47, b: 42
	out:  a: 47, b: 100, c: 10
end:
	in:  a: 47, b: ?, c: 10
	out:  a: 47, b: ?, c: 10, d: ?
